../Core/Src/main.c:141:6:inicializarMatrices	16	static
../Core/Src/main.c:151:6:imprimirMatriz	24	static
../Core/Src/main.c:161:6:tareaMultiplicacion	72	static
../Core/Src/main.c:206:6:temporizadorCallback	16	static
../Core/Src/main.c:211:6:tareaMonitoreo	24	static
../Core/Src/main.c:230:1:__io_putchar	16	static
../Core/Src/main.c:237:5:main	48	static
../Core/Src/main.c:367:6:SystemClock_Config	88	static
../Core/Src/main.c:425:13:MX_ETH_Init	8	static
../Core/Src/main.c:474:13:MX_USART2_UART_Init	8	static
../Core/Src/main.c:509:13:MX_USART3_UART_Init	8	static
../Core/Src/main.c:544:13:MX_USB_OTG_FS_PCD_Init	8	static
../Core/Src/main.c:579:13:MX_GPIO_Init	56	static
../Core/Src/main.c:640:6:StartDefaultTask	16	static
../Core/Src/main.c:655:6:Error_Handler	4	static,ignoring_inline_asm
